USER@DESKTOP-I6LDOR9 MINGW64 ~/Desktop/tobedeleted (master)
$ git remote add sureshmusale https://github.com/sureshmusale/testingpushfromlocal.git

USER@DESKTOP-I6LDOR9 MINGW64 ~/Desktop/tobedeleted (master)
$ git status
On branch master

No commits yet

Untracked files:
  (use "git add <file>..." to include in what will be committed)
        test
        test2
        test3

nothing added to commit but untracked files present (use "git add" to track)

USER@DESKTOP-I6LDOR9 MINGW64 ~/Desktop/tobedeleted (master)
$ git add .

USER@DESKTOP-I6LDOR9 MINGW64 ~/Desktop/tobedeleted (master)
$ git status
On branch master

No commits yet

Changes to be committed:
  (use "git rm --cached <file>..." to unstage)
        new file:   test
        new file:   test2
        new file:   test3


USER@DESKTOP-I6LDOR9 MINGW64 ~/Desktop/tobedeleted (master)
$ git commit -m "connecting-localto-github"
[master (root-commit) 85b57ff] connecting-localto-github
 3 files changed, 0 insertions(+), 0 deletions(-)
 create mode 100644 test
 create mode 100644 test2
 create mode 100644 test3

USER@DESKTOP-I6LDOR9 MINGW64 ~/Desktop/tobedeleted (master)
$ git push
fatal: The current branch master has no upstream branch.
To push the current branch and set the remote as upstream, use

    git push --set-upstream sureshmusale master

To have this happen automatically for branches without a tracking
upstream, see 'push.autoSetupRemote' in 'git help config'.


USER@DESKTOP-I6LDOR9 MINGW64 ~/Desktop/tobedeleted (master)
$ git push --set-upstream sureshmusale master
Enumerating objects: 3, done.
Counting objects: 100% (3/3), done.
Delta compression using up to 4 threads
Compressing objects: 100% (2/2), done.
Writing objects: 100% (3/3), 231 bytes | 231.00 KiB/s, done.
Total 3 (delta 0), reused 0 (delta 0), pack-reused 0
To https://github.com/sureshmusale/testingpushfromlocal.git
 * [new branch]      master -> master
branch 'master' set up to track 'sureshmusale/master'.

USER@DESKTOP-I6LDOR9 MINGW64 ~/Desktop/tobedeleted (master)